// Jest Snapshot v1, https://goo.gl/fbAQLP

exports[`BaseTableFooter.vue render table footer 1`] = `
<div class="text-center" style="width: 100%;">
  <nav role="navigation" aria-label="Pagination Navigation">
    <ul class="v-pagination v-pagination--circle theme--light">
      <li><button disabled="disabled" type="button" aria-label="Previous page" class="v-pagination__navigation v-pagination__navigation--disabled"><i aria-hidden="true" class="v-icon notranslate mdi mdi-chevron-left theme--light"></i></button></li>
      <li><button disabled="disabled" type="button" aria-label="Next page" class="v-pagination__navigation v-pagination__navigation--disabled"><i aria-hidden="true" class="v-icon notranslate mdi mdi-chevron-right theme--light"></i></button></li>
    </ul>
  </nav>
</div>
`;
