// Jest Snapshot v1, https://goo.gl/fbAQLP

exports[`BaseTableHeader.vue render table header 1`] = `
<div flat="" width="100%">
  <div class="v-card__text">
    <div class="row no-gutters">
      <div class="my-auto col-md-3 col-12">
        <div class="row no-gutters">
          <div class="col">
            <div tabindex="-1" class="pa-0 v-list-item theme--light">
              <div class="v-list-item__content pa-0">
                <div class="v-list-item__title title"></div>
                <div class="v-list-item__subtitle"></div>
              </div>
            </div>
          </div>
          <div class="hidden-md-and-up col">
            <header class="v-sheet theme--light v-toolbar v-toolbar--dense v-toolbar--flat" style="height: 48px;">
              <div class="v-toolbar__content" style="height: 48px;">
                <div class="spacer"></div>
                <!---->
                <!---->
                <!----> <button type="button" class="v-btn v-btn--icon v-btn--round theme--light v-size--small"><span class="v-btn__content"><i aria-hidden="true" class="v-icon notranslate mdi mdi-reload theme--light secondary--text"></i></span></button>
              </div>
            </header>
          </div>
        </div>
      </div>
      <div class="col-md-9 col-12">
        <div class="hidden-md-and-up">
          <div class="v-input mt-1 mr-1 v-input--hide-details v-input--dense theme--light v-text-field v-text-field--single-line v-text-field--enclosed v-text-field--outlined">
            <div class="v-input__control">
              <div class="v-input__slot">
                <fieldset aria-hidden="true">
                  <legend><span class="notranslate">​</span></legend>
                </fieldset>
                <div class="v-text-field__slot"><label for="input-7" class="v-label theme--light" style="left: 0px; position: absolute;">Cari Data</label><input id="input-7" type="text"></div>
                <div class="v-input__append-inner">
                  <div class="v-input__icon v-input__icon--append"><button type="button" aria-label="append icon" class="v-icon notranslate v-icon--link mdi mdi-magnify theme--light"></button></div>
                </div>
              </div>
            </div>
          </div>
        </div>
        <div class="hidden-sm-only hidden-xs-only">
          <header class="v-sheet theme--light v-toolbar v-toolbar--flat" style="height: 64px;">
            <div class="v-toolbar__content" style="height: 64px;">
              <div class="spacer"></div>
              <div class="v-input my-auto mr-1 v-input--hide-details v-input--dense theme--light v-text-field v-text-field--single-line v-text-field--enclosed v-text-field--outlined">
                <div class="v-input__control">
                  <div class="v-input__slot">
                    <fieldset aria-hidden="true">
                      <legend><span class="notranslate">​</span></legend>
                    </fieldset>
                    <div class="v-text-field__slot"><label for="input-10" class="v-label theme--light" style="left: 0px; position: absolute;">Cari Data</label><input id="input-10" type="text"></div>
                    <div class="v-input__append-inner">
                      <div class="v-input__icon v-input__icon--append"><button type="button" aria-label="append icon" class="v-icon notranslate v-icon--link mdi mdi-magnify theme--light"></button></div>
                    </div>
                  </div>
                </div>
              </div>
              <div style="min-width: 8%;"><span class="v-tooltip v-tooltip--top"><!----></span> <span class="v-tooltip v-tooltip--top"><!----></span> <span class="v-tooltip v-tooltip--top"><!----></span> <span class="v-tooltip v-tooltip--top"><!----><button type="button" class="button-action v-btn v-btn--outlined theme--light v-size--small" style="height: 40px; width: 40px;" aria-haspopup="true" aria-expanded="false"><span class="v-btn__content"><i aria-hidden="true" class="v-icon notranslate mdi mdi-reload theme--light primary--text"></i></span></button></span> <span class="v-tooltip v-tooltip--top"><!----></span></div>
            </div>
          </header>
        </div>
      </div>
    </div>
  </div>
</div>
`;
