// Jest Snapshot v1, https://goo.gl/fbAQLP

exports[`BaseTransfer.vue render transfer 1`] = `
<div class="row">
  <div class="col">
    <h1 class="title mb-2 secondary--text">Data Pilihan transfer</h1>
    <div flat="" outlined="">
      <div class="v-card__title pb-0 mb-0">
        <header class="v-sheet theme--light v-toolbar v-toolbar--flat" style="height: 64px;">
          <div class="v-toolbar__content" style="height: 64px;">
            <div class="v-toolbar__title">Pilih transfer</div>
            <div class="spacer"></div> <button type="button" class="v-btn v-btn--icon v-btn--round theme--light v-size--small"><span class="v-btn__content"><i aria-hidden="true" class="v-icon notranslate mdi mdi-reload theme--light secondary--text"></i></span></button> <button type="button" class="v-btn v-btn--icon v-btn--round theme--light v-size--small"><span class="v-btn__content"><i aria-hidden="true" class="v-icon notranslate mdi mdi-arrow-right-bold theme--light secondary--text"></i></span></button>
          </div>
        </header>
      </div>
      <hr role="separator" aria-orientation="horizontal" class="v-divider theme--light">
      <div class="v-card__text">
        <div class="v-data-table theme--light">
          <div class="v-data-table__wrapper">
            <table>
              <colgroup></colgroup>
              <thead></thead>
              <thead>
                <tr class="v-data-table__progress">
                  <th colspan="0" class="column">
                    <div role="progressbar" aria-valuemin="0" aria-valuemax="100" class="v-progress-linear v-progress-linear--absolute v-progress-linear--visible theme--light" style="height: 4px;">
                      <div class="v-progress-linear__background primary" style="opacity: 0.3; left: 0%; width: 100%;"></div>
                      <div class="v-progress-linear__buffer"></div>
                      <transition-stub name="fade-transition">
                        <div class="v-progress-linear__indeterminate v-progress-linear__indeterminate--active">
                          <div class="v-progress-linear__indeterminate long primary"></div>
                          <div class="v-progress-linear__indeterminate short primary"></div>
                        </div>
                      </transition-stub>
                    </div>
                  </th>
                </tr>
              </thead>
              <tbody>
                <tr>
                  <td colspan="0">
                    Belum ada data yang ditemukan
                  </td>
                </tr>
              </tbody>
            </table>
          </div>
        </div>
      </div>
      <div class="v-card__actions">
        <div class="text-center" style="width: 100%;">
          <nav role="navigation" aria-label="Pagination Navigation">
            <ul class="v-pagination v-pagination--circle theme--light">
              <li><button disabled="disabled" type="button" aria-label="Previous page" class="v-pagination__navigation v-pagination__navigation--disabled"><i aria-hidden="true" class="v-icon notranslate mdi mdi-chevron-left theme--light"></i></button></li>
              <li><button type="button" aria-current="true" aria-label="Current Page, Page 1" class="v-pagination__item v-pagination__item--active secondary">1</button></li>
              <li><button type="button" aria-label="Goto Page 2" class="v-pagination__item">2</button></li>
              <li><span class="v-pagination__more">...</span></li>
              <li><button type="button" aria-label="Goto Page 9" class="v-pagination__item">9</button></li>
              <li><button type="button" aria-label="Goto Page 10" class="v-pagination__item">10</button></li>
              <li><button type="button" aria-label="Next page" class="v-pagination__navigation"><i aria-hidden="true" class="v-icon notranslate mdi mdi-chevron-right theme--light"></i></button></li>
            </ul>
          </nav>
        </div>
      </div>
    </div>
  </div>
  <div class="col">
    <h1 class="title mb-2 secondary--text"> Data transfer untuk Paket Baru </h1>
    <div flat="" outlined="">
      <div class="v-card__title pb-0 mb-0">
        <header class="v-sheet theme--light v-toolbar v-toolbar--flat" style="height: 64px;">
          <div class="v-toolbar__content" style="height: 64px;">
            <div class="v-toolbar__title">10 transfer Terpilih</div>
            <div class="spacer"></div> <button type="button" class="v-btn v-btn--icon v-btn--round theme--light v-size--small"><span class="v-btn__content"><i aria-hidden="true" class="v-icon notranslate mdi mdi-close theme--light secondary--text"></i></span></button>
          </div>
        </header>
      </div>
      <hr role="separator" aria-orientation="horizontal" class="v-divider theme--light">
      <div class="v-card__text">
        <div class="v-data-table theme--light">
          <div class="v-data-table__wrapper">
            <table>
              <colgroup></colgroup>
              <thead></thead>
              <tbody>
                <tr>
                  <td colspan="0">
                    Belum ada data yang ditemukan
                  </td>
                </tr>
              </tbody>
            </table>
          </div>
        </div>
      </div>
      <div class="v-card__actions">
        <div class="text-center" style="width: 100%;">
          <nav role="navigation" aria-label="Pagination Navigation">
            <ul class="v-pagination v-pagination--circle theme--light">
              <li><button disabled="disabled" type="button" aria-label="Previous page" class="v-pagination__navigation v-pagination__navigation--disabled"><i aria-hidden="true" class="v-icon notranslate mdi mdi-chevron-left theme--light"></i></button></li>
              <li><button type="button" aria-current="true" aria-label="Current Page, Page 1" class="v-pagination__item v-pagination__item--active secondary">1</button></li>
              <li><button type="button" aria-label="Goto Page 2" class="v-pagination__item">2</button></li>
              <li><span class="v-pagination__more">...</span></li>
              <li><button type="button" aria-label="Goto Page 9" class="v-pagination__item">9</button></li>
              <li><button type="button" aria-label="Goto Page 10" class="v-pagination__item">10</button></li>
              <li><button type="button" aria-label="Next page" class="v-pagination__navigation"><i aria-hidden="true" class="v-icon notranslate mdi mdi-chevron-right theme--light"></i></button></li>
            </ul>
          </nav>
        </div>
      </div>
    </div>
  </div>
</div>
`;
