// Jest Snapshot v1, https://goo.gl/fbAQLP

exports[`BaseListAvatar.vue render list avatar 1`] = `
<div role="list" class="v-list v-sheet theme--light">
  <div tabindex="-1" role="listitem" class="px-0 v-list-item theme--light">
    <div class="v-avatar v-list-item__avatar mr-1" style="height: 40px; min-width: 40px; width: 40px;"></div>
    <div class="v-list-item__content">
      <div class="v-list-item__title link body-2">avatar</div>
      <div class="v-list-item__subtitle caption"></div>
    </div>
    <!---->
  </div>
</div>
`;
